// Jest Snapshot v1, https://goo.gl/fbAQLP

exports[`should render correctly 1`] = `
<div>
  <div>
    <label
      htmlFor=""
    >
      Username
    </label>
    <input
      autoComplete="off"
      autoFocus={true}
      id="username"
      name="username"
      onChange={[Function]}
      type="text"
      value="thainq00"
    />
  </div>
  <div>
    <label
      htmlFor=""
    >
      Password
    </label>
    <input
      autoComplete="off"
      id="password"
      name="password"
      onChange={[Function]}
      type="password"
      value="1"
    />
    <br />
  </div>
  <div>
    <label
      htmlFor=""
    >
      New password
    </label>
    <input
      autoComplete="off"
      id="newpassword"
      name="newpassword"
      onChange={[Function]}
      type="password"
      value="12"
    />
    <br />
  </div>
  <pre>
    
  </pre>
  <div>
    <button
      id="change-passw-btn"
      onClick={[Function]}
    >
      Change Password
    </button>
    <button
      onClick={[Function]}
    >
      Back to Homepage
    </button>
  </div>
</div>
`;
