// Jest Snapshot v1, https://goo.gl/fbAQLP

exports[`should render correctly 1`] = `
<div>
  <div>
    <label
      htmlFor=""
    >
      Username
    </label>
    <input
      autoComplete="off"
      autoFocus={true}
      name="username"
      onChange={[Function]}
      type="text"
      value="thainq00"
    />
  </div>
  <div>
    <label
      htmlFor=""
    >
      Email
    </label>
    <input
      autoComplete="off"
      name="email"
      onChange={[Function]}
      type="text"
      value="thainq00@gmail.com"
    />
    <br />
  </div>
  <pre>
    
  </pre>
  <button
    id="forgot-pass-btn"
    onClick={[Function]}
  >
    Reset Password
  </button>
  <button
    id="login-btn"
    onClick={[Function]}
  >
    Login page
  </button>
</div>
`;
